------------------------------------------------------------
Timing Analyzer Summary
------------------------------------------------------------

Type  : Slow 1200mV 85C Model Setup 'clk'
Slack : -4.270
TNS   : -92.290

Type  : Slow 1200mV 85C Model Hold 'clk'
Slack : 0.735
TNS   : 0.000

Type  : Slow 1200mV 85C Model Minimum Pulse Width 'clk'
Slack : -3.000
TNS   : -46.123

Type  : Slow 1200mV 85C Model Minimum Pulse Width 'DIVFREQ:div|clk2h'
Slack : -1.487
TNS   : -1.487

Type  : Slow 1200mV 0C Model Setup 'clk'
Slack : -3.964
TNS   : -84.048

Type  : Slow 1200mV 0C Model Hold 'clk'
Slack : 0.683
TNS   : 0.000

Type  : Slow 1200mV 0C Model Minimum Pulse Width 'clk'
Slack : -3.000
TNS   : -46.123

Type  : Slow 1200mV 0C Model Minimum Pulse Width 'DIVFREQ:div|clk2h'
Slack : -1.487
TNS   : -1.487

Type  : Fast 1200mV 0C Model Setup 'clk'
Slack : -1.221
TNS   : -21.411

Type  : Fast 1200mV 0C Model Hold 'clk'
Slack : 0.292
TNS   : 0.000

Type  : Fast 1200mV 0C Model Minimum Pulse Width 'clk'
Slack : -3.000
TNS   : -33.873

Type  : Fast 1200mV 0C Model Minimum Pulse Width 'DIVFREQ:div|clk2h'
Slack : -1.000
TNS   : -1.000

------------------------------------------------------------
